// Jest Snapshot v1, https://goo.gl/fbAQLP

exports[`Shop Page take snapshot 1`] = `undefined`;
