// Jest Snapshot v1, https://goo.gl/fbAQLP

exports[`should render the SignUnAndSignUp component 1`] = `ShallowWrapper {}`;
