// Jest Snapshot v1, https://goo.gl/fbAQLP

exports[`Collection Page should render the CollectionPage component 1`] = `undefined`;
