// Jest Snapshot v1, https://goo.gl/fbAQLP

exports[`Cart icon component should render the cart icon properly 1`] = `ShallowWrapper {}`;
